EN exp_slot NULL /home/ise/microsdmapper/src/exp_slot.vhd sub00/vhpl02 1688338525
EN mapper NULL /home/ise/microsdmapper/src/mapper.vhd sub00/vhpl04 1688338527
EN sdmapper NULL /home/ise/microsdmapper/src/sdmapper.vhd sub00/vhpl06 1688338529
EN spi NULL /home/ise/microsdmapper/src/spi.vhd sub00/vhpl00 1688338523
AR spi behavioral /home/ise/microsdmapper/src/spi.vhd sub00/vhpl01 1688338524
AR exp_slot rtl /home/ise/microsdmapper/src/exp_slot.vhd sub00/vhpl03 1688338526
AR sdmapper behavioral /home/ise/microsdmapper/src/sdmapper.vhd sub00/vhpl07 1688338530
AR mapper rtl /home/ise/microsdmapper/src/mapper.vhd sub00/vhpl05 1688338528
