V3 15
FL /home/ise/msxsdmapperv2/CPLD/src/exp_slot.vhd 2022/08/29.21:38:49 P.20131013
EN work/exp_slot 1685285165 FL /home/ise/msxsdmapperv2/CPLD/src/exp_slot.vhd \
      PB ieee/std_logic_1164 1381692176 PB ieee/STD_LOGIC_UNSIGNED 1381692179
AR work/exp_slot/rtl 1685285166 \
      FL /home/ise/msxsdmapperv2/CPLD/src/exp_slot.vhd EN work/exp_slot 1685285165
FL /home/ise/msxsdmapperv2/CPLD/src/mapper.vhd 2022/08/29.21:38:49 P.20131013
EN work/mapper 1685285167 FL /home/ise/msxsdmapperv2/CPLD/src/mapper.vhd \
      PB ieee/std_logic_1164 1381692176 PB ieee/STD_LOGIC_UNSIGNED 1381692179
AR work/mapper/rtl 1685285168 \
      FL /home/ise/msxsdmapperv2/CPLD/src/mapper.vhd EN work/mapper 1685285167
FL /home/ise/msxsdmapperv2/CPLD/src/sdmapper.vhd 2022/08/29.21:38:49 P.20131013
EN work/sdmapper 1685285169 FL /home/ise/msxsdmapperv2/CPLD/src/sdmapper.vhd \
      PB ieee/std_logic_1164 1381692176 PB ieee/NUMERIC_STD 1381692181
AR work/sdmapper/Behavioral 1685285170 \
      FL /home/ise/msxsdmapperv2/CPLD/src/sdmapper.vhd EN work/sdmapper 1685285169 \
      CP work/spi CP work/exp_slot CP work/mapper
FL /home/ise/msxsdmapperv2/CPLD/src/spi.vhd 2022/08/29.21:38:49 P.20131013
EN work/spi 1685285163 FL /home/ise/msxsdmapperv2/CPLD/src/spi.vhd \
      PB ieee/std_logic_1164 1381692176 PB ieee/NUMERIC_STD 1381692181
AR work/spi/Behavioral 1685285164 \
      FL /home/ise/msxsdmapperv2/CPLD/src/spi.vhd EN work/spi 1685285163
